ftd.0.deadLockSize=1
ftd.0.threadCount=21
#"main" #1 prio=5 os_prio=31 cpu=171.69ms elapsed=13225.97s tid=0x00007fa894019000 nid=0x2603 waiting on condition  [0x00007000064bd000]
#   java.lang.Thread.State: TIMED_WAITING (sleeping)
#	at java.lang.Thread.sleep(java.base@11.0.12/Native Method)
#	at samurai.core.DeadLockingThreads.main(DeadLockingThreads.java:36)
td.0.0.blockedObjectId=null
td.0.0.blockerId=null
td.0.0.condition=#1 prio=5 os_prio=31 cpu=171.69ms elapsed=13225.97s tid=0x00007fa894019000 nid=0x2603 waiting on condition  [0x00007000064bd000]
td.0.0.header="main" #1 prio=5 os_prio=31 cpu=171.69ms elapsed=13225.97s tid=0x00007fa894019000 nid=0x2603 waiting on condition  [0x00007000064bd000]
td.0.0.id=0x00007fa894019000
td.0.0.name=main
td.0.0.isBlocked=false
td.0.0.isBlocking=false
td.0.0.isDaemon=false
td.0.0.isDeadLocked=false
td.0.0.isIdle=true

#"Reference Handler" #2 daemon prio=10 os_prio=31 cpu=0.23ms elapsed=13225.95s tid=0x00007fa895008800 nid=0x4703 waiting on condition  [0x0000700006bd2000]
#   java.lang.Thread.State: RUNNABLE
#	at java.lang.ref.Reference.waitForReferencePendingList(java.base@11.0.12/Native Method)
#	at java.lang.ref.Reference.processPendingReferences(java.base@11.0.12/Reference.java:241)
#	at java.lang.ref.Reference$ReferenceHandler.run(java.base@11.0.12/Reference.java:213)
td.0.1.blockedObjectId=null
td.0.1.blockerId=null
td.0.1.condition=#2 daemon prio=10 os_prio=31 cpu=0.23ms elapsed=13225.95s tid=0x00007fa895008800 nid=0x4703 waiting on condition  [0x0000700006bd2000]
td.0.1.header="Reference Handler" #2 daemon prio=10 os_prio=31 cpu=0.23ms elapsed=13225.95s tid=0x00007fa895008800 nid=0x4703 waiting on condition  [0x0000700006bd2000]
td.0.1.id=0x00007fa895008800
td.0.1.name=Reference Handler
td.0.1.isBlocked=false
td.0.1.isBlocking=false
td.0.1.isDaemon=true
td.0.1.isDeadLocked=false
td.0.1.isIdle=false

#"Finalizer" #3 daemon prio=8 os_prio=31 cpu=0.32ms elapsed=13225.95s tid=0x00007fa892008800 nid=0x3603 in Object.wait()  [0x0000700006cd5000]
#   java.lang.Thread.State: WAITING (on object monitor)
#	at java.lang.Object.wait(java.base@11.0.12/Native Method)
#	- waiting on <0x000000061fe09008> (a java.lang.ref.ReferenceQueue$Lock)
#	at java.lang.ref.ReferenceQueue.remove(java.base@11.0.12/ReferenceQueue.java:155)
#	- waiting to re-lock in wait() <0x000000061fe09008> (a java.lang.ref.ReferenceQueue$Lock)
#	at java.lang.ref.ReferenceQueue.remove(java.base@11.0.12/ReferenceQueue.java:176)
#	at java.lang.ref.Finalizer$FinalizerThread.run(java.base@11.0.12/Finalizer.java:170)
td.0.2.blockedObjectId=null
td.0.2.blockerId=null
td.0.2.condition=#3 daemon prio=8 os_prio=31 cpu=0.32ms elapsed=13225.95s tid=0x00007fa892008800 nid=0x3603 in Object.wait()  [0x0000700006cd5000]
td.0.2.header="Finalizer" #3 daemon prio=8 os_prio=31 cpu=0.32ms elapsed=13225.95s tid=0x00007fa892008800 nid=0x3603 in Object.wait()  [0x0000700006cd5000]
td.0.2.id=0x00007fa892008800
td.0.2.name=Finalizer
td.0.2.isBlocked=false
td.0.2.isBlocking=false
td.0.2.isDaemon=true
td.0.2.isDeadLocked=false
td.0.2.isIdle=true

#"Signal Dispatcher" #4 daemon prio=9 os_prio=31 cpu=0.26ms elapsed=13225.93s tid=0x00007fa89280d800 nid=0x3e03 runnable  [0x0000000000000000]
#   java.lang.Thread.State: RUNNABLE
td.0.3.blockedObjectId=null
td.0.3.blockerId=null
td.0.3.condition=#4 daemon prio=9 os_prio=31 cpu=0.26ms elapsed=13225.93s tid=0x00007fa89280d800 nid=0x3e03 runnable  [0x0000000000000000]
td.0.3.header="Signal Dispatcher" #4 daemon prio=9 os_prio=31 cpu=0.26ms elapsed=13225.93s tid=0x00007fa89280d800 nid=0x3e03 runnable  [0x0000000000000000]
td.0.3.id=0x00007fa89280d800
td.0.3.name=Signal Dispatcher
td.0.3.isBlocked=false
td.0.3.isBlocking=false
td.0.3.isDaemon=true
td.0.3.isDeadLocked=false
td.0.3.isIdle=false

#"Service Thread" #5 daemon prio=9 os_prio=31 cpu=0.03ms elapsed=13225.93s tid=0x00007fa892810800 nid=0x5603 runnable  [0x0000000000000000]
#   java.lang.Thread.State: RUNNABLE
td.0.4.blockedObjectId=null
td.0.4.blockerId=null
td.0.4.condition=#5 daemon prio=9 os_prio=31 cpu=0.03ms elapsed=13225.93s tid=0x00007fa892810800 nid=0x5603 runnable  [0x0000000000000000]
td.0.4.header="Service Thread" #5 daemon prio=9 os_prio=31 cpu=0.03ms elapsed=13225.93s tid=0x00007fa892810800 nid=0x5603 runnable  [0x0000000000000000]
td.0.4.id=0x00007fa892810800
td.0.4.name=Service Thread
td.0.4.isBlocked=false
td.0.4.isBlocking=false
td.0.4.isDaemon=true
td.0.4.isDeadLocked=false
td.0.4.isIdle=false

#"C2 CompilerThread0" #6 daemon prio=9 os_prio=31 cpu=187.70ms elapsed=13225.93s tid=0x00007fa892811800 nid=0x5703 waiting on condition  [0x0000000000000000]
#   java.lang.Thread.State: RUNNABLE
#   No compile task
td.0.5.blockedObjectId=null
td.0.5.blockerId=null
td.0.5.condition=#6 daemon prio=9 os_prio=31 cpu=187.70ms elapsed=13225.93s tid=0x00007fa892811800 nid=0x5703 waiting on condition  [0x0000000000000000]
td.0.5.header="C2 CompilerThread0" #6 daemon prio=9 os_prio=31 cpu=187.70ms elapsed=13225.93s tid=0x00007fa892811800 nid=0x5703 waiting on condition  [0x0000000000000000]
td.0.5.id=0x00007fa892811800
td.0.5.name=C2 CompilerThread0
td.0.5.isBlocked=false
td.0.5.isBlocking=false
td.0.5.isDaemon=true
td.0.5.isDeadLocked=false
td.0.5.isIdle=false

#"C1 CompilerThread0" #9 daemon prio=9 os_prio=31 cpu=179.61ms elapsed=13225.93s tid=0x00007fa892812800 nid=0x5803 waiting on condition  [0x0000000000000000]
#   java.lang.Thread.State: RUNNABLE
#   No compile task
td.0.6.blockedObjectId=null
td.0.6.blockerId=null
td.0.6.condition=#9 daemon prio=9 os_prio=31 cpu=179.61ms elapsed=13225.93s tid=0x00007fa892812800 nid=0x5803 waiting on condition  [0x0000000000000000]
td.0.6.header="C1 CompilerThread0" #9 daemon prio=9 os_prio=31 cpu=179.61ms elapsed=13225.93s tid=0x00007fa892812800 nid=0x5803 waiting on condition  [0x0000000000000000]
td.0.6.id=0x00007fa892812800
td.0.6.name=C1 CompilerThread0
td.0.6.isBlocked=false
td.0.6.isBlocking=false
td.0.6.isDaemon=true
td.0.6.isDeadLocked=false
td.0.6.isIdle=false

#"Sweeper thread" #10 daemon prio=9 os_prio=31 cpu=0.04ms elapsed=13225.93s tid=0x00007fa892813000 nid=0xa403 runnable  [0x0000000000000000]
#   java.lang.Thread.State: RUNNABLE
td.0.7.blockedObjectId=null
td.0.7.blockerId=null
td.0.7.condition=#10 daemon prio=9 os_prio=31 cpu=0.04ms elapsed=13225.93s tid=0x00007fa892813000 nid=0xa403 runnable  [0x0000000000000000]
td.0.7.header="Sweeper thread" #10 daemon prio=9 os_prio=31 cpu=0.04ms elapsed=13225.93s tid=0x00007fa892813000 nid=0xa403 runnable  [0x0000000000000000]
td.0.7.id=0x00007fa892813000
td.0.7.name=Sweeper thread
td.0.7.isBlocked=false
td.0.7.isBlocking=false
td.0.7.isDaemon=true
td.0.7.isDeadLocked=false
td.0.7.isIdle=false

#"Common-Cleaner" #11 daemon prio=8 os_prio=31 cpu=19.28ms elapsed=13225.87s tid=0x00007fa894183000 nid=0xa203 in Object.wait()  [0x00007000073ed000]
#   java.lang.Thread.State: TIMED_WAITING (on object monitor)
#	at java.lang.Object.wait(java.base@11.0.12/Native Method)
#	- waiting on <0x000000061ff069c8> (a java.lang.ref.ReferenceQueue$Lock)
#	at java.lang.ref.ReferenceQueue.remove(java.base@11.0.12/ReferenceQueue.java:155)
#	- waiting to re-lock in wait() <0x000000061ff069c8> (a java.lang.ref.ReferenceQueue$Lock)
#	at jdk.internal.ref.CleanerImpl.run(java.base@11.0.12/CleanerImpl.java:148)
#	at java.lang.Thread.run(java.base@11.0.12/Thread.java:829)
#	at jdk.internal.misc.InnocuousThread.run(java.base@11.0.12/InnocuousThread.java:134)
td.0.8.blockedObjectId=null
td.0.8.blockerId=null
td.0.8.condition=#11 daemon prio=8 os_prio=31 cpu=19.28ms elapsed=13225.87s tid=0x00007fa894183000 nid=0xa203 in Object.wait()  [0x00007000073ed000]
td.0.8.header="Common-Cleaner" #11 daemon prio=8 os_prio=31 cpu=19.28ms elapsed=13225.87s tid=0x00007fa894183000 nid=0xa203 in Object.wait()  [0x00007000073ed000]
td.0.8.id=0x00007fa894183000
td.0.8.name=Common-Cleaner
td.0.8.isBlocked=false
td.0.8.isBlocking=false
td.0.8.isDaemon=true
td.0.8.isDeadLocked=false
td.0.8.isIdle=true

#"Monitor Ctrl-Break" #12 daemon prio=5 os_prio=31 cpu=18.43ms elapsed=13225.81s tid=0x00007fa8941d1000 nid=0x5d03 runnable  [0x00007000074f0000]
#   java.lang.Thread.State: RUNNABLE
#	at java.net.SocketInputStream.socketRead0(java.base@11.0.12/Native Method)
#	at java.net.SocketInputStream.socketRead(java.base@11.0.12/SocketInputStream.java:115)
#	at java.net.SocketInputStream.read(java.base@11.0.12/SocketInputStream.java:168)
#	at java.net.SocketInputStream.read(java.base@11.0.12/SocketInputStream.java:140)
#	at sun.nio.cs.StreamDecoder.readBytes(java.base@11.0.12/StreamDecoder.java:284)
#	at sun.nio.cs.StreamDecoder.implRead(java.base@11.0.12/StreamDecoder.java:326)
#	at sun.nio.cs.StreamDecoder.read(java.base@11.0.12/StreamDecoder.java:178)
#	- locked <0x000000061fd0b980> (a java.io.InputStreamReader)
#	at java.io.InputStreamReader.read(java.base@11.0.12/InputStreamReader.java:181)
#	at java.io.BufferedReader.fill(java.base@11.0.12/BufferedReader.java:161)
#	at java.io.BufferedReader.readLine(java.base@11.0.12/BufferedReader.java:326)
#	- locked <0x000000061fd0b980> (a java.io.InputStreamReader)
#	at java.io.BufferedReader.readLine(java.base@11.0.12/BufferedReader.java:392)
#	at com.intellij.rt.execution.application.AppMainV2$1.run(AppMainV2.java:49)
td.0.9.blockedObjectId=null
td.0.9.blockerId=null
td.0.9.condition=#12 daemon prio=5 os_prio=31 cpu=18.43ms elapsed=13225.81s tid=0x00007fa8941d1000 nid=0x5d03 runnable  [0x00007000074f0000]
td.0.9.header="Monitor Ctrl-Break" #12 daemon prio=5 os_prio=31 cpu=18.43ms elapsed=13225.81s tid=0x00007fa8941d1000 nid=0x5d03 runnable  [0x00007000074f0000]
td.0.9.id=0x00007fa8941d1000
td.0.9.name=Monitor Ctrl-Break
td.0.9.isBlocked=false
td.0.9.isBlocking=false
td.0.9.isDaemon=true
td.0.9.isDeadLocked=false
td.0.9.isIdle=false

#"DeadLockThread1" #13 prio=5 os_prio=31 cpu=0.12ms elapsed=13225.80s tid=0x00007fa89421a000 nid=0x6003 waiting for monitor entry  [0x00007000076f6000]
#   java.lang.Thread.State: BLOCKED (on object monitor)
#	at samurai.core.DeadLockingThread.run(DeadLockingThreads.java:57)
#	- waiting to lock <0x000000061fcc9b90> (a java.lang.Object)
#	- locked <0x000000061fcc9b80> (a java.lang.Object)
td.0.10.blockedObjectId=0x000000061fcc9b90
td.0.10.blockerId=0x00007fa89421b000
td.0.10.condition=#13 prio=5 os_prio=31 cpu=0.12ms elapsed=13225.80s tid=0x00007fa89421a000 nid=0x6003 waiting for monitor entry  [0x00007000076f6000]
td.0.10.header="DeadLockThread1" #13 prio=5 os_prio=31 cpu=0.12ms elapsed=13225.80s tid=0x00007fa89421a000 nid=0x6003 waiting for monitor entry  [0x00007000076f6000]
td.0.10.id=0x00007fa89421a000
td.0.10.name=DeadLockThread1
td.0.10.isBlocked=true
td.0.10.isBlocking=true
td.0.10.isDaemon=false
td.0.10.isDeadLocked=true
td.0.10.isIdle=false

#"DeadLockThread2" #14 prio=5 os_prio=31 cpu=545.68ms elapsed=13225.80s tid=0x00007fa89421b000 nid=0x6203 waiting for monitor entry  [0x00007000077f9000]
#   java.lang.Thread.State: BLOCKED (on object monitor)
#	at samurai.core.DeadLockingThread.run(DeadLockingThreads.java:57)
#	- waiting to lock <0x000000061fcc9b80> (a java.lang.Object)
#	- locked <0x000000061fcc9b90> (a java.lang.Object)
td.0.11.blockedObjectId=0x000000061fcc9b80
td.0.11.blockerId=0x00007fa89421a000
td.0.11.condition=#14 prio=5 os_prio=31 cpu=545.68ms elapsed=13225.80s tid=0x00007fa89421b000 nid=0x6203 waiting for monitor entry  [0x00007000077f9000]
td.0.11.header="DeadLockThread2" #14 prio=5 os_prio=31 cpu=545.68ms elapsed=13225.80s tid=0x00007fa89421b000 nid=0x6203 waiting for monitor entry  [0x00007000077f9000]
td.0.11.id=0x00007fa89421b000
td.0.11.name=DeadLockThread2
td.0.11.isBlocked=true
td.0.11.isBlocking=true
td.0.11.isDaemon=false
td.0.11.isDeadLocked=true
td.0.11.isIdle=false

#"DeadLockThread3" #15 prio=5 os_prio=31 cpu=545.23ms elapsed=13225.80s tid=0x00007fa89427b800 nid=0x9e03 waiting for monitor entry  [0x00007000078fc000]
#   java.lang.Thread.State: BLOCKED (on object monitor)
#	at samurai.core.DeadLockingThread.run(DeadLockingThreads.java:55)
#	- waiting to lock <0x000000061fcc9b90> (a java.lang.Object)
td.0.12.blockedObjectId=0x000000061fcc9b90
td.0.12.blockerId=0x00007fa89421b000
td.0.12.condition=#15 prio=5 os_prio=31 cpu=545.23ms elapsed=13225.80s tid=0x00007fa89427b800 nid=0x9e03 waiting for monitor entry  [0x00007000078fc000]
td.0.12.header="DeadLockThread3" #15 prio=5 os_prio=31 cpu=545.23ms elapsed=13225.80s tid=0x00007fa89427b800 nid=0x9e03 waiting for monitor entry  [0x00007000078fc000]
td.0.12.id=0x00007fa89427b800
td.0.12.name=DeadLockThread3
td.0.12.isBlocked=true
td.0.12.isBlocking=false
td.0.12.isDaemon=false
td.0.12.isDeadLocked=false
td.0.12.isIdle=false

#"Attach Listener" #16 daemon prio=9 os_prio=31 cpu=37.37ms elapsed=13224.94s tid=0x00007fa89483c000 nid=0x9c03 waiting on condition  [0x0000000000000000]
#   java.lang.Thread.State: RUNNABLE
td.0.13.blockedObjectId=null
td.0.13.blockerId=null
td.0.13.condition=#16 daemon prio=9 os_prio=31 cpu=37.37ms elapsed=13224.94s tid=0x00007fa89483c000 nid=0x9c03 waiting on condition  [0x0000000000000000]
td.0.13.header="Attach Listener" #16 daemon prio=9 os_prio=31 cpu=37.37ms elapsed=13224.94s tid=0x00007fa89483c000 nid=0x9c03 waiting on condition  [0x0000000000000000]
td.0.13.id=0x00007fa89483c000
td.0.13.name=Attach Listener
td.0.13.isBlocked=false
td.0.13.isBlocking=false
td.0.13.isDaemon=true
td.0.13.isDeadLocked=false
td.0.13.isIdle=false

#"VM Thread" os_prio=31 cpu=1230.06ms elapsed=13225.96s tid=0x00007fa88200a800 nid=0x4903 runnable
td.0.14.blockedObjectId=null
td.0.14.blockerId=null
td.0.14.condition=os_prio=31 cpu=1230.06ms elapsed=13225.96s tid=0x00007fa88200a800 nid=0x4903 runnable
td.0.14.header="VM Thread" os_prio=31 cpu=1230.06ms elapsed=13225.96s tid=0x00007fa88200a800 nid=0x4903 runnable
td.0.14.id=0x00007fa88200a800
td.0.14.name=VM Thread
td.0.14.isBlocked=false
td.0.14.isBlocking=false
td.0.14.isDaemon=false
td.0.14.isDeadLocked=false
td.0.14.isIdle=false

#"GC Thread#0" os_prio=31 cpu=473.12ms elapsed=13225.97s tid=0x00007fa89400e800 nid=0x5103 runnable
td.0.15.blockedObjectId=null
td.0.15.blockerId=null
td.0.15.condition=os_prio=31 cpu=473.12ms elapsed=13225.97s tid=0x00007fa89400e800 nid=0x5103 runnable
td.0.15.header="GC Thread#0" os_prio=31 cpu=473.12ms elapsed=13225.97s tid=0x00007fa89400e800 nid=0x5103 runnable
td.0.15.id=0x00007fa89400e800
td.0.15.name=GC Thread#0
td.0.15.isBlocked=false
td.0.15.isBlocking=false
td.0.15.isDaemon=false
td.0.15.isDeadLocked=false
td.0.15.isIdle=false

#"G1 Main Marker" os_prio=31 cpu=0.58ms elapsed=13225.97s tid=0x00007fa894055800 nid=0x2d03 runnable
td.0.16.blockedObjectId=null
td.0.16.blockerId=null
td.0.16.condition=os_prio=31 cpu=0.58ms elapsed=13225.97s tid=0x00007fa894055800 nid=0x2d03 runnable
td.0.16.header="G1 Main Marker" os_prio=31 cpu=0.58ms elapsed=13225.97s tid=0x00007fa894055800 nid=0x2d03 runnable
td.0.16.id=0x00007fa894055800
td.0.16.name=G1 Main Marker
td.0.16.isBlocked=false
td.0.16.isBlocking=false
td.0.16.isDaemon=false
td.0.16.isDeadLocked=false
td.0.16.isIdle=false

#"G1 Conc#0" os_prio=31 cpu=0.02ms elapsed=13225.97s tid=0x00007fa894056000 nid=0x3003 runnable
td.0.17.blockedObjectId=null
td.0.17.blockerId=null
td.0.17.condition=os_prio=31 cpu=0.02ms elapsed=13225.97s tid=0x00007fa894056000 nid=0x3003 runnable
td.0.17.header="G1 Conc#0" os_prio=31 cpu=0.02ms elapsed=13225.97s tid=0x00007fa894056000 nid=0x3003 runnable
td.0.17.id=0x00007fa894056000
td.0.17.name=G1 Conc#0
td.0.17.isBlocked=false
td.0.17.isBlocking=false
td.0.17.isDaemon=false
td.0.17.isDeadLocked=false
td.0.17.isIdle=false

#"G1 Refine#0" os_prio=31 cpu=0.52ms elapsed=13225.97s tid=0x00007fa894177000 nid=0x3103 runnable
td.0.18.blockedObjectId=null
td.0.18.blockerId=null
td.0.18.condition=os_prio=31 cpu=0.52ms elapsed=13225.97s tid=0x00007fa894177000 nid=0x3103 runnable
td.0.18.header="G1 Refine#0" os_prio=31 cpu=0.52ms elapsed=13225.97s tid=0x00007fa894177000 nid=0x3103 runnable
td.0.18.id=0x00007fa894177000
td.0.18.name=G1 Refine#0
td.0.18.isBlocked=false
td.0.18.isBlocking=false
td.0.18.isDaemon=false
td.0.18.isDeadLocked=false
td.0.18.isIdle=false

#"G1 Young RemSet Sampling" os_prio=31 cpu=2335.20ms elapsed=13225.97s tid=0x00007fa894177800 nid=0x3303 runnable
td.0.19.blockedObjectId=null
td.0.19.blockerId=null
td.0.19.condition=os_prio=31 cpu=2335.20ms elapsed=13225.97s tid=0x00007fa894177800 nid=0x3303 runnable
td.0.19.header="G1 Young RemSet Sampling" os_prio=31 cpu=2335.20ms elapsed=13225.97s tid=0x00007fa894177800 nid=0x3303 runnable
td.0.19.id=0x00007fa894177800
td.0.19.name=G1 Young RemSet Sampling
td.0.19.isBlocked=false
td.0.19.isBlocking=false
td.0.19.isDaemon=false
td.0.19.isDeadLocked=false
td.0.19.isIdle=false

#"VM Periodic Task Thread" os_prio=31 cpu=11821.45ms elapsed=13225.81s tid=0x00007fa894839800 nid=0x5e03 waiting on condition
td.0.20.blockedObjectId=null
td.0.20.blockerId=null
td.0.20.condition=os_prio=31 cpu=11821.45ms elapsed=13225.81s tid=0x00007fa894839800 nid=0x5e03 waiting on condition
td.0.20.header="VM Periodic Task Thread" os_prio=31 cpu=11821.45ms elapsed=13225.81s tid=0x00007fa894839800 nid=0x5e03 waiting on condition
td.0.20.id=0x00007fa894839800
td.0.20.name=VM Periodic Task Thread
td.0.20.isBlocked=false
td.0.20.isBlocking=false
td.0.20.isDaemon=false
td.0.20.isDeadLocked=false
td.0.20.isIdle=false

ftd.1.deadLockSize=1
ftd.1.threadCount=21
#"main" #1 prio=5 os_prio=31 cpu=171.69ms elapsed=13227.04s tid=0x00007fa894019000 nid=0x2603 waiting on condition  [0x00007000064bd000]
#   java.lang.Thread.State: TIMED_WAITING (sleeping)
#	at java.lang.Thread.sleep(java.base@11.0.12/Native Method)
#	at samurai.core.DeadLockingThreads.main(DeadLockingThreads.java:36)
td.1.0.blockedObjectId=null
td.1.0.blockerId=null
td.1.0.condition=#1 prio=5 os_prio=31 cpu=171.69ms elapsed=13227.04s tid=0x00007fa894019000 nid=0x2603 waiting on condition  [0x00007000064bd000]
td.1.0.header="main" #1 prio=5 os_prio=31 cpu=171.69ms elapsed=13227.04s tid=0x00007fa894019000 nid=0x2603 waiting on condition  [0x00007000064bd000]
td.1.0.id=0x00007fa894019000
td.1.0.name=main
td.1.0.isBlocked=false
td.1.0.isBlocking=false
td.1.0.isDaemon=false
td.1.0.isDeadLocked=false
td.1.0.isIdle=true

#"Reference Handler" #2 daemon prio=10 os_prio=31 cpu=0.23ms elapsed=13227.02s tid=0x00007fa895008800 nid=0x4703 waiting on condition  [0x0000700006bd2000]
#   java.lang.Thread.State: RUNNABLE
#	at java.lang.ref.Reference.waitForReferencePendingList(java.base@11.0.12/Native Method)
#	at java.lang.ref.Reference.processPendingReferences(java.base@11.0.12/Reference.java:241)
#	at java.lang.ref.Reference$ReferenceHandler.run(java.base@11.0.12/Reference.java:213)
td.1.1.blockedObjectId=null
td.1.1.blockerId=null
td.1.1.condition=#2 daemon prio=10 os_prio=31 cpu=0.23ms elapsed=13227.02s tid=0x00007fa895008800 nid=0x4703 waiting on condition  [0x0000700006bd2000]
td.1.1.header="Reference Handler" #2 daemon prio=10 os_prio=31 cpu=0.23ms elapsed=13227.02s tid=0x00007fa895008800 nid=0x4703 waiting on condition  [0x0000700006bd2000]
td.1.1.id=0x00007fa895008800
td.1.1.name=Reference Handler
td.1.1.isBlocked=false
td.1.1.isBlocking=false
td.1.1.isDaemon=true
td.1.1.isDeadLocked=false
td.1.1.isIdle=false

#"Finalizer" #3 daemon prio=8 os_prio=31 cpu=0.32ms elapsed=13227.02s tid=0x00007fa892008800 nid=0x3603 in Object.wait()  [0x0000700006cd5000]
#   java.lang.Thread.State: WAITING (on object monitor)
#	at java.lang.Object.wait(java.base@11.0.12/Native Method)
#	- waiting on <0x000000061fe09008> (a java.lang.ref.ReferenceQueue$Lock)
#	at java.lang.ref.ReferenceQueue.remove(java.base@11.0.12/ReferenceQueue.java:155)
#	- waiting to re-lock in wait() <0x000000061fe09008> (a java.lang.ref.ReferenceQueue$Lock)
#	at java.lang.ref.ReferenceQueue.remove(java.base@11.0.12/ReferenceQueue.java:176)
#	at java.lang.ref.Finalizer$FinalizerThread.run(java.base@11.0.12/Finalizer.java:170)
td.1.2.blockedObjectId=null
td.1.2.blockerId=null
td.1.2.condition=#3 daemon prio=8 os_prio=31 cpu=0.32ms elapsed=13227.02s tid=0x00007fa892008800 nid=0x3603 in Object.wait()  [0x0000700006cd5000]
td.1.2.header="Finalizer" #3 daemon prio=8 os_prio=31 cpu=0.32ms elapsed=13227.02s tid=0x00007fa892008800 nid=0x3603 in Object.wait()  [0x0000700006cd5000]
td.1.2.id=0x00007fa892008800
td.1.2.name=Finalizer
td.1.2.isBlocked=false
td.1.2.isBlocking=false
td.1.2.isDaemon=true
td.1.2.isDeadLocked=false
td.1.2.isIdle=true

#"Signal Dispatcher" #4 daemon prio=9 os_prio=31 cpu=0.26ms elapsed=13227.00s tid=0x00007fa89280d800 nid=0x3e03 runnable  [0x0000000000000000]
#   java.lang.Thread.State: RUNNABLE
td.1.3.blockedObjectId=null
td.1.3.blockerId=null
td.1.3.condition=#4 daemon prio=9 os_prio=31 cpu=0.26ms elapsed=13227.00s tid=0x00007fa89280d800 nid=0x3e03 runnable  [0x0000000000000000]
td.1.3.header="Signal Dispatcher" #4 daemon prio=9 os_prio=31 cpu=0.26ms elapsed=13227.00s tid=0x00007fa89280d800 nid=0x3e03 runnable  [0x0000000000000000]
td.1.3.id=0x00007fa89280d800
td.1.3.name=Signal Dispatcher
td.1.3.isBlocked=false
td.1.3.isBlocking=false
td.1.3.isDaemon=true
td.1.3.isDeadLocked=false
td.1.3.isIdle=false

#"Service Thread" #5 daemon prio=9 os_prio=31 cpu=0.03ms elapsed=13227.00s tid=0x00007fa892810800 nid=0x5603 runnable  [0x0000000000000000]
#   java.lang.Thread.State: RUNNABLE
td.1.4.blockedObjectId=null
td.1.4.blockerId=null
td.1.4.condition=#5 daemon prio=9 os_prio=31 cpu=0.03ms elapsed=13227.00s tid=0x00007fa892810800 nid=0x5603 runnable  [0x0000000000000000]
td.1.4.header="Service Thread" #5 daemon prio=9 os_prio=31 cpu=0.03ms elapsed=13227.00s tid=0x00007fa892810800 nid=0x5603 runnable  [0x0000000000000000]
td.1.4.id=0x00007fa892810800
td.1.4.name=Service Thread
td.1.4.isBlocked=false
td.1.4.isBlocking=false
td.1.4.isDaemon=true
td.1.4.isDeadLocked=false
td.1.4.isIdle=false

#"C2 CompilerThread0" #6 daemon prio=9 os_prio=31 cpu=187.70ms elapsed=13227.00s tid=0x00007fa892811800 nid=0x5703 waiting on condition  [0x0000000000000000]
#   java.lang.Thread.State: RUNNABLE
#   No compile task
td.1.5.blockedObjectId=null
td.1.5.blockerId=null
td.1.5.condition=#6 daemon prio=9 os_prio=31 cpu=187.70ms elapsed=13227.00s tid=0x00007fa892811800 nid=0x5703 waiting on condition  [0x0000000000000000]
td.1.5.header="C2 CompilerThread0" #6 daemon prio=9 os_prio=31 cpu=187.70ms elapsed=13227.00s tid=0x00007fa892811800 nid=0x5703 waiting on condition  [0x0000000000000000]
td.1.5.id=0x00007fa892811800
td.1.5.name=C2 CompilerThread0
td.1.5.isBlocked=false
td.1.5.isBlocking=false
td.1.5.isDaemon=true
td.1.5.isDeadLocked=false
td.1.5.isIdle=false

#"C1 CompilerThread0" #9 daemon prio=9 os_prio=31 cpu=179.61ms elapsed=13227.00s tid=0x00007fa892812800 nid=0x5803 waiting on condition  [0x0000000000000000]
#   java.lang.Thread.State: RUNNABLE
#   No compile task
td.1.6.blockedObjectId=null
td.1.6.blockerId=null
td.1.6.condition=#9 daemon prio=9 os_prio=31 cpu=179.61ms elapsed=13227.00s tid=0x00007fa892812800 nid=0x5803 waiting on condition  [0x0000000000000000]
td.1.6.header="C1 CompilerThread0" #9 daemon prio=9 os_prio=31 cpu=179.61ms elapsed=13227.00s tid=0x00007fa892812800 nid=0x5803 waiting on condition  [0x0000000000000000]
td.1.6.id=0x00007fa892812800
td.1.6.name=C1 CompilerThread0
td.1.6.isBlocked=false
td.1.6.isBlocking=false
td.1.6.isDaemon=true
td.1.6.isDeadLocked=false
td.1.6.isIdle=false

#"Sweeper thread" #10 daemon prio=9 os_prio=31 cpu=0.04ms elapsed=13227.00s tid=0x00007fa892813000 nid=0xa403 runnable  [0x0000000000000000]
#   java.lang.Thread.State: RUNNABLE
td.1.7.blockedObjectId=null
td.1.7.blockerId=null
td.1.7.condition=#10 daemon prio=9 os_prio=31 cpu=0.04ms elapsed=13227.00s tid=0x00007fa892813000 nid=0xa403 runnable  [0x0000000000000000]
td.1.7.header="Sweeper thread" #10 daemon prio=9 os_prio=31 cpu=0.04ms elapsed=13227.00s tid=0x00007fa892813000 nid=0xa403 runnable  [0x0000000000000000]
td.1.7.id=0x00007fa892813000
td.1.7.name=Sweeper thread
td.1.7.isBlocked=false
td.1.7.isBlocking=false
td.1.7.isDaemon=true
td.1.7.isDeadLocked=false
td.1.7.isIdle=false

#"Common-Cleaner" #11 daemon prio=8 os_prio=31 cpu=19.28ms elapsed=13226.94s tid=0x00007fa894183000 nid=0xa203 in Object.wait()  [0x00007000073ed000]
#   java.lang.Thread.State: TIMED_WAITING (on object monitor)
#	at java.lang.Object.wait(java.base@11.0.12/Native Method)
#	- waiting on <0x000000061ff069c8> (a java.lang.ref.ReferenceQueue$Lock)
#	at java.lang.ref.ReferenceQueue.remove(java.base@11.0.12/ReferenceQueue.java:155)
#	- waiting to re-lock in wait() <0x000000061ff069c8> (a java.lang.ref.ReferenceQueue$Lock)
#	at jdk.internal.ref.CleanerImpl.run(java.base@11.0.12/CleanerImpl.java:148)
#	at java.lang.Thread.run(java.base@11.0.12/Thread.java:829)
#	at jdk.internal.misc.InnocuousThread.run(java.base@11.0.12/InnocuousThread.java:134)
td.1.8.blockedObjectId=null
td.1.8.blockerId=null
td.1.8.condition=#11 daemon prio=8 os_prio=31 cpu=19.28ms elapsed=13226.94s tid=0x00007fa894183000 nid=0xa203 in Object.wait()  [0x00007000073ed000]
td.1.8.header="Common-Cleaner" #11 daemon prio=8 os_prio=31 cpu=19.28ms elapsed=13226.94s tid=0x00007fa894183000 nid=0xa203 in Object.wait()  [0x00007000073ed000]
td.1.8.id=0x00007fa894183000
td.1.8.name=Common-Cleaner
td.1.8.isBlocked=false
td.1.8.isBlocking=false
td.1.8.isDaemon=true
td.1.8.isDeadLocked=false
td.1.8.isIdle=true

#"Monitor Ctrl-Break" #12 daemon prio=5 os_prio=31 cpu=18.43ms elapsed=13226.88s tid=0x00007fa8941d1000 nid=0x5d03 runnable  [0x00007000074f0000]
#   java.lang.Thread.State: RUNNABLE
#	at java.net.SocketInputStream.socketRead0(java.base@11.0.12/Native Method)
#	at java.net.SocketInputStream.socketRead(java.base@11.0.12/SocketInputStream.java:115)
#	at java.net.SocketInputStream.read(java.base@11.0.12/SocketInputStream.java:168)
#	at java.net.SocketInputStream.read(java.base@11.0.12/SocketInputStream.java:140)
#	at sun.nio.cs.StreamDecoder.readBytes(java.base@11.0.12/StreamDecoder.java:284)
#	at sun.nio.cs.StreamDecoder.implRead(java.base@11.0.12/StreamDecoder.java:326)
#	at sun.nio.cs.StreamDecoder.read(java.base@11.0.12/StreamDecoder.java:178)
#	- locked <0x000000061fd0b980> (a java.io.InputStreamReader)
#	at java.io.InputStreamReader.read(java.base@11.0.12/InputStreamReader.java:181)
#	at java.io.BufferedReader.fill(java.base@11.0.12/BufferedReader.java:161)
#	at java.io.BufferedReader.readLine(java.base@11.0.12/BufferedReader.java:326)
#	- locked <0x000000061fd0b980> (a java.io.InputStreamReader)
#	at java.io.BufferedReader.readLine(java.base@11.0.12/BufferedReader.java:392)
#	at com.intellij.rt.execution.application.AppMainV2$1.run(AppMainV2.java:49)
td.1.9.blockedObjectId=null
td.1.9.blockerId=null
td.1.9.condition=#12 daemon prio=5 os_prio=31 cpu=18.43ms elapsed=13226.88s tid=0x00007fa8941d1000 nid=0x5d03 runnable  [0x00007000074f0000]
td.1.9.header="Monitor Ctrl-Break" #12 daemon prio=5 os_prio=31 cpu=18.43ms elapsed=13226.88s tid=0x00007fa8941d1000 nid=0x5d03 runnable  [0x00007000074f0000]
td.1.9.id=0x00007fa8941d1000
td.1.9.name=Monitor Ctrl-Break
td.1.9.isBlocked=false
td.1.9.isBlocking=false
td.1.9.isDaemon=true
td.1.9.isDeadLocked=false
td.1.9.isIdle=false

#"DeadLockThread1" #13 prio=5 os_prio=31 cpu=0.12ms elapsed=13226.87s tid=0x00007fa89421a000 nid=0x6003 waiting for monitor entry  [0x00007000076f6000]
#   java.lang.Thread.State: BLOCKED (on object monitor)
#	at samurai.core.DeadLockingThread.run(DeadLockingThreads.java:57)
#	- waiting to lock <0x000000061fcc9b90> (a java.lang.Object)
#	- locked <0x000000061fcc9b80> (a java.lang.Object)
td.1.10.blockedObjectId=0x000000061fcc9b90
td.1.10.blockerId=0x00007fa89421b000
td.1.10.condition=#13 prio=5 os_prio=31 cpu=0.12ms elapsed=13226.87s tid=0x00007fa89421a000 nid=0x6003 waiting for monitor entry  [0x00007000076f6000]
td.1.10.header="DeadLockThread1" #13 prio=5 os_prio=31 cpu=0.12ms elapsed=13226.87s tid=0x00007fa89421a000 nid=0x6003 waiting for monitor entry  [0x00007000076f6000]
td.1.10.id=0x00007fa89421a000
td.1.10.name=DeadLockThread1
td.1.10.isBlocked=true
td.1.10.isBlocking=true
td.1.10.isDaemon=false
td.1.10.isDeadLocked=true
td.1.10.isIdle=false

#"DeadLockThread2" #14 prio=5 os_prio=31 cpu=545.70ms elapsed=13226.87s tid=0x00007fa89421b000 nid=0x6203 waiting for monitor entry  [0x00007000077f9000]
#   java.lang.Thread.State: BLOCKED (on object monitor)
#	at samurai.core.DeadLockingThread.run(DeadLockingThreads.java:57)
#	- waiting to lock <0x000000061fcc9b80> (a java.lang.Object)
#	- locked <0x000000061fcc9b90> (a java.lang.Object)
td.1.11.blockedObjectId=0x000000061fcc9b80
td.1.11.blockerId=0x00007fa89421a000
td.1.11.condition=#14 prio=5 os_prio=31 cpu=545.70ms elapsed=13226.87s tid=0x00007fa89421b000 nid=0x6203 waiting for monitor entry  [0x00007000077f9000]
td.1.11.header="DeadLockThread2" #14 prio=5 os_prio=31 cpu=545.70ms elapsed=13226.87s tid=0x00007fa89421b000 nid=0x6203 waiting for monitor entry  [0x00007000077f9000]
td.1.11.id=0x00007fa89421b000
td.1.11.name=DeadLockThread2
td.1.11.isBlocked=true
td.1.11.isBlocking=true
td.1.11.isDaemon=false
td.1.11.isDeadLocked=true
td.1.11.isIdle=false

#"DeadLockThread3" #15 prio=5 os_prio=31 cpu=545.27ms elapsed=13226.87s tid=0x00007fa89427b800 nid=0x9e03 waiting for monitor entry  [0x00007000078fc000]
#   java.lang.Thread.State: BLOCKED (on object monitor)
#	at samurai.core.DeadLockingThread.run(DeadLockingThreads.java:55)
#	- waiting to lock <0x000000061fcc9b90> (a java.lang.Object)
td.1.12.blockedObjectId=0x000000061fcc9b90
td.1.12.blockerId=0x00007fa89421b000
td.1.12.condition=#15 prio=5 os_prio=31 cpu=545.27ms elapsed=13226.87s tid=0x00007fa89427b800 nid=0x9e03 waiting for monitor entry  [0x00007000078fc000]
td.1.12.header="DeadLockThread3" #15 prio=5 os_prio=31 cpu=545.27ms elapsed=13226.87s tid=0x00007fa89427b800 nid=0x9e03 waiting for monitor entry  [0x00007000078fc000]
td.1.12.id=0x00007fa89427b800
td.1.12.name=DeadLockThread3
td.1.12.isBlocked=true
td.1.12.isBlocking=false
td.1.12.isDaemon=false
td.1.12.isDeadLocked=false
td.1.12.isIdle=false

#"Attach Listener" #16 daemon prio=9 os_prio=31 cpu=37.77ms elapsed=13226.01s tid=0x00007fa89483c000 nid=0x9c03 waiting on condition  [0x0000000000000000]
#   java.lang.Thread.State: RUNNABLE
td.1.13.blockedObjectId=null
td.1.13.blockerId=null
td.1.13.condition=#16 daemon prio=9 os_prio=31 cpu=37.77ms elapsed=13226.01s tid=0x00007fa89483c000 nid=0x9c03 waiting on condition  [0x0000000000000000]
td.1.13.header="Attach Listener" #16 daemon prio=9 os_prio=31 cpu=37.77ms elapsed=13226.01s tid=0x00007fa89483c000 nid=0x9c03 waiting on condition  [0x0000000000000000]
td.1.13.id=0x00007fa89483c000
td.1.13.name=Attach Listener
td.1.13.isBlocked=false
td.1.13.isBlocking=false
td.1.13.isDaemon=true
td.1.13.isDeadLocked=false
td.1.13.isIdle=false

#"VM Thread" os_prio=31 cpu=1230.57ms elapsed=13227.03s tid=0x00007fa88200a800 nid=0x4903 runnable
td.1.14.blockedObjectId=null
td.1.14.blockerId=null
td.1.14.condition=os_prio=31 cpu=1230.57ms elapsed=13227.03s tid=0x00007fa88200a800 nid=0x4903 runnable
td.1.14.header="VM Thread" os_prio=31 cpu=1230.57ms elapsed=13227.03s tid=0x00007fa88200a800 nid=0x4903 runnable
td.1.14.id=0x00007fa88200a800
td.1.14.name=VM Thread
td.1.14.isBlocked=false
td.1.14.isBlocking=false
td.1.14.isDaemon=false
td.1.14.isDeadLocked=false
td.1.14.isIdle=false

#"GC Thread#0" os_prio=31 cpu=473.17ms elapsed=13227.04s tid=0x00007fa89400e800 nid=0x5103 runnable
td.1.15.blockedObjectId=null
td.1.15.blockerId=null
td.1.15.condition=os_prio=31 cpu=473.17ms elapsed=13227.04s tid=0x00007fa89400e800 nid=0x5103 runnable
td.1.15.header="GC Thread#0" os_prio=31 cpu=473.17ms elapsed=13227.04s tid=0x00007fa89400e800 nid=0x5103 runnable
td.1.15.id=0x00007fa89400e800
td.1.15.name=GC Thread#0
td.1.15.isBlocked=false
td.1.15.isBlocking=false
td.1.15.isDaemon=false
td.1.15.isDeadLocked=false
td.1.15.isIdle=false

#"G1 Main Marker" os_prio=31 cpu=0.58ms elapsed=13227.04s tid=0x00007fa894055800 nid=0x2d03 runnable
td.1.16.blockedObjectId=null
td.1.16.blockerId=null
td.1.16.condition=os_prio=31 cpu=0.58ms elapsed=13227.04s tid=0x00007fa894055800 nid=0x2d03 runnable
td.1.16.header="G1 Main Marker" os_prio=31 cpu=0.58ms elapsed=13227.04s tid=0x00007fa894055800 nid=0x2d03 runnable
td.1.16.id=0x00007fa894055800
td.1.16.name=G1 Main Marker
td.1.16.isBlocked=false
td.1.16.isBlocking=false
td.1.16.isDaemon=false
td.1.16.isDeadLocked=false
td.1.16.isIdle=false

#"G1 Conc#0" os_prio=31 cpu=0.02ms elapsed=13227.04s tid=0x00007fa894056000 nid=0x3003 runnable
td.1.17.blockedObjectId=null
td.1.17.blockerId=null
td.1.17.condition=os_prio=31 cpu=0.02ms elapsed=13227.04s tid=0x00007fa894056000 nid=0x3003 runnable
td.1.17.header="G1 Conc#0" os_prio=31 cpu=0.02ms elapsed=13227.04s tid=0x00007fa894056000 nid=0x3003 runnable
td.1.17.id=0x00007fa894056000
td.1.17.name=G1 Conc#0
td.1.17.isBlocked=false
td.1.17.isBlocking=false
td.1.17.isDaemon=false
td.1.17.isDeadLocked=false
td.1.17.isIdle=false

#"G1 Refine#0" os_prio=31 cpu=0.52ms elapsed=13227.04s tid=0x00007fa894177000 nid=0x3103 runnable
td.1.18.blockedObjectId=null
td.1.18.blockerId=null
td.1.18.condition=os_prio=31 cpu=0.52ms elapsed=13227.04s tid=0x00007fa894177000 nid=0x3103 runnable
td.1.18.header="G1 Refine#0" os_prio=31 cpu=0.52ms elapsed=13227.04s tid=0x00007fa894177000 nid=0x3103 runnable
td.1.18.id=0x00007fa894177000
td.1.18.name=G1 Refine#0
td.1.18.isBlocked=false
td.1.18.isBlocking=false
td.1.18.isDaemon=false
td.1.18.isDeadLocked=false
td.1.18.isIdle=false

#"G1 Young RemSet Sampling" os_prio=31 cpu=2335.30ms elapsed=13227.04s tid=0x00007fa894177800 nid=0x3303 runnable
td.1.19.blockedObjectId=null
td.1.19.blockerId=null
td.1.19.condition=os_prio=31 cpu=2335.30ms elapsed=13227.04s tid=0x00007fa894177800 nid=0x3303 runnable
td.1.19.header="G1 Young RemSet Sampling" os_prio=31 cpu=2335.30ms elapsed=13227.04s tid=0x00007fa894177800 nid=0x3303 runnable
td.1.19.id=0x00007fa894177800
td.1.19.name=G1 Young RemSet Sampling
td.1.19.isBlocked=false
td.1.19.isBlocking=false
td.1.19.isDaemon=false
td.1.19.isDeadLocked=false
td.1.19.isIdle=false

#"VM Periodic Task Thread" os_prio=31 cpu=11822.11ms elapsed=13226.88s tid=0x00007fa894839800 nid=0x5e03 waiting on condition
td.1.20.blockedObjectId=null
td.1.20.blockerId=null
td.1.20.condition=os_prio=31 cpu=11822.11ms elapsed=13226.88s tid=0x00007fa894839800 nid=0x5e03 waiting on condition
td.1.20.header="VM Periodic Task Thread" os_prio=31 cpu=11822.11ms elapsed=13226.88s tid=0x00007fa894839800 nid=0x5e03 waiting on condition
td.1.20.id=0x00007fa894839800
td.1.20.name=VM Periodic Task Thread
td.1.20.isBlocked=false
td.1.20.isBlocking=false
td.1.20.isDaemon=false
td.1.20.isDeadLocked=false
td.1.20.isIdle=false

ftd.2.deadLockSize=1
ftd.2.threadCount=21
#"main" #1 prio=5 os_prio=31 cpu=171.69ms elapsed=13228.06s tid=0x00007fa894019000 nid=0x2603 waiting on condition  [0x00007000064bd000]
#   java.lang.Thread.State: TIMED_WAITING (sleeping)
#	at java.lang.Thread.sleep(java.base@11.0.12/Native Method)
#	at samurai.core.DeadLockingThreads.main(DeadLockingThreads.java:36)
td.2.0.blockedObjectId=null
td.2.0.blockerId=null
td.2.0.condition=#1 prio=5 os_prio=31 cpu=171.69ms elapsed=13228.06s tid=0x00007fa894019000 nid=0x2603 waiting on condition  [0x00007000064bd000]
td.2.0.header="main" #1 prio=5 os_prio=31 cpu=171.69ms elapsed=13228.06s tid=0x00007fa894019000 nid=0x2603 waiting on condition  [0x00007000064bd000]
td.2.0.id=0x00007fa894019000
td.2.0.name=main
td.2.0.isBlocked=false
td.2.0.isBlocking=false
td.2.0.isDaemon=false
td.2.0.isDeadLocked=false
td.2.0.isIdle=true

#"Reference Handler" #2 daemon prio=10 os_prio=31 cpu=0.23ms elapsed=13228.04s tid=0x00007fa895008800 nid=0x4703 waiting on condition  [0x0000700006bd2000]
#   java.lang.Thread.State: RUNNABLE
#	at java.lang.ref.Reference.waitForReferencePendingList(java.base@11.0.12/Native Method)
#	at java.lang.ref.Reference.processPendingReferences(java.base@11.0.12/Reference.java:241)
#	at java.lang.ref.Reference$ReferenceHandler.run(java.base@11.0.12/Reference.java:213)
td.2.1.blockedObjectId=null
td.2.1.blockerId=null
td.2.1.condition=#2 daemon prio=10 os_prio=31 cpu=0.23ms elapsed=13228.04s tid=0x00007fa895008800 nid=0x4703 waiting on condition  [0x0000700006bd2000]
td.2.1.header="Reference Handler" #2 daemon prio=10 os_prio=31 cpu=0.23ms elapsed=13228.04s tid=0x00007fa895008800 nid=0x4703 waiting on condition  [0x0000700006bd2000]
td.2.1.id=0x00007fa895008800
td.2.1.name=Reference Handler
td.2.1.isBlocked=false
td.2.1.isBlocking=false
td.2.1.isDaemon=true
td.2.1.isDeadLocked=false
td.2.1.isIdle=false

#"Finalizer" #3 daemon prio=8 os_prio=31 cpu=0.32ms elapsed=13228.04s tid=0x00007fa892008800 nid=0x3603 in Object.wait()  [0x0000700006cd5000]
#   java.lang.Thread.State: WAITING (on object monitor)
#	at java.lang.Object.wait(java.base@11.0.12/Native Method)
#	- waiting on <0x000000061fe09008> (a java.lang.ref.ReferenceQueue$Lock)
#	at java.lang.ref.ReferenceQueue.remove(java.base@11.0.12/ReferenceQueue.java:155)
#	- waiting to re-lock in wait() <0x000000061fe09008> (a java.lang.ref.ReferenceQueue$Lock)
#	at java.lang.ref.ReferenceQueue.remove(java.base@11.0.12/ReferenceQueue.java:176)
#	at java.lang.ref.Finalizer$FinalizerThread.run(java.base@11.0.12/Finalizer.java:170)
td.2.2.blockedObjectId=null
td.2.2.blockerId=null
td.2.2.condition=#3 daemon prio=8 os_prio=31 cpu=0.32ms elapsed=13228.04s tid=0x00007fa892008800 nid=0x3603 in Object.wait()  [0x0000700006cd5000]
td.2.2.header="Finalizer" #3 daemon prio=8 os_prio=31 cpu=0.32ms elapsed=13228.04s tid=0x00007fa892008800 nid=0x3603 in Object.wait()  [0x0000700006cd5000]
td.2.2.id=0x00007fa892008800
td.2.2.name=Finalizer
td.2.2.isBlocked=false
td.2.2.isBlocking=false
td.2.2.isDaemon=true
td.2.2.isDeadLocked=false
td.2.2.isIdle=true

#"Signal Dispatcher" #4 daemon prio=9 os_prio=31 cpu=0.26ms elapsed=13228.02s tid=0x00007fa89280d800 nid=0x3e03 runnable  [0x0000000000000000]
#   java.lang.Thread.State: RUNNABLE
td.2.3.blockedObjectId=null
td.2.3.blockerId=null
td.2.3.condition=#4 daemon prio=9 os_prio=31 cpu=0.26ms elapsed=13228.02s tid=0x00007fa89280d800 nid=0x3e03 runnable  [0x0000000000000000]
td.2.3.header="Signal Dispatcher" #4 daemon prio=9 os_prio=31 cpu=0.26ms elapsed=13228.02s tid=0x00007fa89280d800 nid=0x3e03 runnable  [0x0000000000000000]
td.2.3.id=0x00007fa89280d800
td.2.3.name=Signal Dispatcher
td.2.3.isBlocked=false
td.2.3.isBlocking=false
td.2.3.isDaemon=true
td.2.3.isDeadLocked=false
td.2.3.isIdle=false

#"Service Thread" #5 daemon prio=9 os_prio=31 cpu=0.03ms elapsed=13228.02s tid=0x00007fa892810800 nid=0x5603 runnable  [0x0000000000000000]
#   java.lang.Thread.State: RUNNABLE
td.2.4.blockedObjectId=null
td.2.4.blockerId=null
td.2.4.condition=#5 daemon prio=9 os_prio=31 cpu=0.03ms elapsed=13228.02s tid=0x00007fa892810800 nid=0x5603 runnable  [0x0000000000000000]
td.2.4.header="Service Thread" #5 daemon prio=9 os_prio=31 cpu=0.03ms elapsed=13228.02s tid=0x00007fa892810800 nid=0x5603 runnable  [0x0000000000000000]
td.2.4.id=0x00007fa892810800
td.2.4.name=Service Thread
td.2.4.isBlocked=false
td.2.4.isBlocking=false
td.2.4.isDaemon=true
td.2.4.isDeadLocked=false
td.2.4.isIdle=false

#"C2 CompilerThread0" #6 daemon prio=9 os_prio=31 cpu=187.70ms elapsed=13228.02s tid=0x00007fa892811800 nid=0x5703 waiting on condition  [0x0000000000000000]
#   java.lang.Thread.State: RUNNABLE
#   No compile task
td.2.5.blockedObjectId=null
td.2.5.blockerId=null
td.2.5.condition=#6 daemon prio=9 os_prio=31 cpu=187.70ms elapsed=13228.02s tid=0x00007fa892811800 nid=0x5703 waiting on condition  [0x0000000000000000]
td.2.5.header="C2 CompilerThread0" #6 daemon prio=9 os_prio=31 cpu=187.70ms elapsed=13228.02s tid=0x00007fa892811800 nid=0x5703 waiting on condition  [0x0000000000000000]
td.2.5.id=0x00007fa892811800
td.2.5.name=C2 CompilerThread0
td.2.5.isBlocked=false
td.2.5.isBlocking=false
td.2.5.isDaemon=true
td.2.5.isDeadLocked=false
td.2.5.isIdle=false

#"C1 CompilerThread0" #9 daemon prio=9 os_prio=31 cpu=179.61ms elapsed=13228.02s tid=0x00007fa892812800 nid=0x5803 waiting on condition  [0x0000000000000000]
#   java.lang.Thread.State: RUNNABLE
#   No compile task
td.2.6.blockedObjectId=null
td.2.6.blockerId=null
td.2.6.condition=#9 daemon prio=9 os_prio=31 cpu=179.61ms elapsed=13228.02s tid=0x00007fa892812800 nid=0x5803 waiting on condition  [0x0000000000000000]
td.2.6.header="C1 CompilerThread0" #9 daemon prio=9 os_prio=31 cpu=179.61ms elapsed=13228.02s tid=0x00007fa892812800 nid=0x5803 waiting on condition  [0x0000000000000000]
td.2.6.id=0x00007fa892812800
td.2.6.name=C1 CompilerThread0
td.2.6.isBlocked=false
td.2.6.isBlocking=false
td.2.6.isDaemon=true
td.2.6.isDeadLocked=false
td.2.6.isIdle=false

#"Sweeper thread" #10 daemon prio=9 os_prio=31 cpu=0.04ms elapsed=13228.02s tid=0x00007fa892813000 nid=0xa403 runnable  [0x0000000000000000]
#   java.lang.Thread.State: RUNNABLE
td.2.7.blockedObjectId=null
td.2.7.blockerId=null
td.2.7.condition=#10 daemon prio=9 os_prio=31 cpu=0.04ms elapsed=13228.02s tid=0x00007fa892813000 nid=0xa403 runnable  [0x0000000000000000]
td.2.7.header="Sweeper thread" #10 daemon prio=9 os_prio=31 cpu=0.04ms elapsed=13228.02s tid=0x00007fa892813000 nid=0xa403 runnable  [0x0000000000000000]
td.2.7.id=0x00007fa892813000
td.2.7.name=Sweeper thread
td.2.7.isBlocked=false
td.2.7.isBlocking=false
td.2.7.isDaemon=true
td.2.7.isDeadLocked=false
td.2.7.isIdle=false

#"Common-Cleaner" #11 daemon prio=8 os_prio=31 cpu=19.28ms elapsed=13227.97s tid=0x00007fa894183000 nid=0xa203 in Object.wait()  [0x00007000073ed000]
#   java.lang.Thread.State: TIMED_WAITING (on object monitor)
#	at java.lang.Object.wait(java.base@11.0.12/Native Method)
#	- waiting on <0x000000061ff069c8> (a java.lang.ref.ReferenceQueue$Lock)
#	at java.lang.ref.ReferenceQueue.remove(java.base@11.0.12/ReferenceQueue.java:155)
#	- waiting to re-lock in wait() <0x000000061ff069c8> (a java.lang.ref.ReferenceQueue$Lock)
#	at jdk.internal.ref.CleanerImpl.run(java.base@11.0.12/CleanerImpl.java:148)
#	at java.lang.Thread.run(java.base@11.0.12/Thread.java:829)
#	at jdk.internal.misc.InnocuousThread.run(java.base@11.0.12/InnocuousThread.java:134)
td.2.8.blockedObjectId=null
td.2.8.blockerId=null
td.2.8.condition=#11 daemon prio=8 os_prio=31 cpu=19.28ms elapsed=13227.97s tid=0x00007fa894183000 nid=0xa203 in Object.wait()  [0x00007000073ed000]
td.2.8.header="Common-Cleaner" #11 daemon prio=8 os_prio=31 cpu=19.28ms elapsed=13227.97s tid=0x00007fa894183000 nid=0xa203 in Object.wait()  [0x00007000073ed000]
td.2.8.id=0x00007fa894183000
td.2.8.name=Common-Cleaner
td.2.8.isBlocked=false
td.2.8.isBlocking=false
td.2.8.isDaemon=true
td.2.8.isDeadLocked=false
td.2.8.isIdle=true

#"Monitor Ctrl-Break" #12 daemon prio=5 os_prio=31 cpu=18.43ms elapsed=13227.90s tid=0x00007fa8941d1000 nid=0x5d03 runnable  [0x00007000074f0000]
#   java.lang.Thread.State: RUNNABLE
#	at java.net.SocketInputStream.socketRead0(java.base@11.0.12/Native Method)
#	at java.net.SocketInputStream.socketRead(java.base@11.0.12/SocketInputStream.java:115)
#	at java.net.SocketInputStream.read(java.base@11.0.12/SocketInputStream.java:168)
#	at java.net.SocketInputStream.read(java.base@11.0.12/SocketInputStream.java:140)
#	at sun.nio.cs.StreamDecoder.readBytes(java.base@11.0.12/StreamDecoder.java:284)
#	at sun.nio.cs.StreamDecoder.implRead(java.base@11.0.12/StreamDecoder.java:326)
#	at sun.nio.cs.StreamDecoder.read(java.base@11.0.12/StreamDecoder.java:178)
#	- locked <0x000000061fd0b980> (a java.io.InputStreamReader)
#	at java.io.InputStreamReader.read(java.base@11.0.12/InputStreamReader.java:181)
#	at java.io.BufferedReader.fill(java.base@11.0.12/BufferedReader.java:161)
#	at java.io.BufferedReader.readLine(java.base@11.0.12/BufferedReader.java:326)
#	- locked <0x000000061fd0b980> (a java.io.InputStreamReader)
#	at java.io.BufferedReader.readLine(java.base@11.0.12/BufferedReader.java:392)
#	at com.intellij.rt.execution.application.AppMainV2$1.run(AppMainV2.java:49)
td.2.9.blockedObjectId=null
td.2.9.blockerId=null
td.2.9.condition=#12 daemon prio=5 os_prio=31 cpu=18.43ms elapsed=13227.90s tid=0x00007fa8941d1000 nid=0x5d03 runnable  [0x00007000074f0000]
td.2.9.header="Monitor Ctrl-Break" #12 daemon prio=5 os_prio=31 cpu=18.43ms elapsed=13227.90s tid=0x00007fa8941d1000 nid=0x5d03 runnable  [0x00007000074f0000]
td.2.9.id=0x00007fa8941d1000
td.2.9.name=Monitor Ctrl-Break
td.2.9.isBlocked=false
td.2.9.isBlocking=false
td.2.9.isDaemon=true
td.2.9.isDeadLocked=false
td.2.9.isIdle=false

#"DeadLockThread1" #13 prio=5 os_prio=31 cpu=0.12ms elapsed=13227.90s tid=0x00007fa89421a000 nid=0x6003 waiting for monitor entry  [0x00007000076f6000]
#   java.lang.Thread.State: BLOCKED (on object monitor)
#	at samurai.core.DeadLockingThread.run(DeadLockingThreads.java:57)
#	- waiting to lock <0x000000061fcc9b90> (a java.lang.Object)
#	- locked <0x000000061fcc9b80> (a java.lang.Object)
td.2.10.blockedObjectId=0x000000061fcc9b90
td.2.10.blockerId=0x00007fa89421b000
td.2.10.condition=#13 prio=5 os_prio=31 cpu=0.12ms elapsed=13227.90s tid=0x00007fa89421a000 nid=0x6003 waiting for monitor entry  [0x00007000076f6000]
td.2.10.header="DeadLockThread1" #13 prio=5 os_prio=31 cpu=0.12ms elapsed=13227.90s tid=0x00007fa89421a000 nid=0x6003 waiting for monitor entry  [0x00007000076f6000]
td.2.10.id=0x00007fa89421a000
td.2.10.name=DeadLockThread1
td.2.10.isBlocked=true
td.2.10.isBlocking=true
td.2.10.isDaemon=false
td.2.10.isDeadLocked=true
td.2.10.isIdle=false

#"DeadLockThread2" #14 prio=5 os_prio=31 cpu=545.72ms elapsed=13227.89s tid=0x00007fa89421b000 nid=0x6203 waiting for monitor entry  [0x00007000077f9000]
#   java.lang.Thread.State: BLOCKED (on object monitor)
#	at samurai.core.DeadLockingThread.run(DeadLockingThreads.java:57)
#	- waiting to lock <0x000000061fcc9b80> (a java.lang.Object)
#	- locked <0x000000061fcc9b90> (a java.lang.Object)
td.2.11.blockedObjectId=0x000000061fcc9b80
td.2.11.blockerId=0x00007fa89421a000
td.2.11.condition=#14 prio=5 os_prio=31 cpu=545.72ms elapsed=13227.89s tid=0x00007fa89421b000 nid=0x6203 waiting for monitor entry  [0x00007000077f9000]
td.2.11.header="DeadLockThread2" #14 prio=5 os_prio=31 cpu=545.72ms elapsed=13227.89s tid=0x00007fa89421b000 nid=0x6203 waiting for monitor entry  [0x00007000077f9000]
td.2.11.id=0x00007fa89421b000
td.2.11.name=DeadLockThread2
td.2.11.isBlocked=true
td.2.11.isBlocking=true
td.2.11.isDaemon=false
td.2.11.isDeadLocked=true
td.2.11.isIdle=false

#"DeadLockThread3" #15 prio=5 os_prio=31 cpu=545.32ms elapsed=13227.89s tid=0x00007fa89427b800 nid=0x9e03 waiting for monitor entry  [0x00007000078fc000]
#   java.lang.Thread.State: BLOCKED (on object monitor)
#	at samurai.core.DeadLockingThread.run(DeadLockingThreads.java:55)
#	- waiting to lock <0x000000061fcc9b90> (a java.lang.Object)
td.2.12.blockedObjectId=0x000000061fcc9b90
td.2.12.blockerId=0x00007fa89421b000
td.2.12.condition=#15 prio=5 os_prio=31 cpu=545.32ms elapsed=13227.89s tid=0x00007fa89427b800 nid=0x9e03 waiting for monitor entry  [0x00007000078fc000]
td.2.12.header="DeadLockThread3" #15 prio=5 os_prio=31 cpu=545.32ms elapsed=13227.89s tid=0x00007fa89427b800 nid=0x9e03 waiting for monitor entry  [0x00007000078fc000]
td.2.12.id=0x00007fa89427b800
td.2.12.name=DeadLockThread3
td.2.12.isBlocked=true
td.2.12.isBlocking=false
td.2.12.isDaemon=false
td.2.12.isDeadLocked=false
td.2.12.isIdle=false

#"Attach Listener" #16 daemon prio=9 os_prio=31 cpu=38.09ms elapsed=13227.03s tid=0x00007fa89483c000 nid=0x9c03 waiting on condition  [0x0000000000000000]
#   java.lang.Thread.State: RUNNABLE
td.2.13.blockedObjectId=null
td.2.13.blockerId=null
td.2.13.condition=#16 daemon prio=9 os_prio=31 cpu=38.09ms elapsed=13227.03s tid=0x00007fa89483c000 nid=0x9c03 waiting on condition  [0x0000000000000000]
td.2.13.header="Attach Listener" #16 daemon prio=9 os_prio=31 cpu=38.09ms elapsed=13227.03s tid=0x00007fa89483c000 nid=0x9c03 waiting on condition  [0x0000000000000000]
td.2.13.id=0x00007fa89483c000
td.2.13.name=Attach Listener
td.2.13.isBlocked=false
td.2.13.isBlocking=false
td.2.13.isDaemon=true
td.2.13.isDeadLocked=false
td.2.13.isIdle=false

#"VM Thread" os_prio=31 cpu=1230.98ms elapsed=13228.05s tid=0x00007fa88200a800 nid=0x4903 runnable
td.2.14.blockedObjectId=null
td.2.14.blockerId=null
td.2.14.condition=os_prio=31 cpu=1230.98ms elapsed=13228.05s tid=0x00007fa88200a800 nid=0x4903 runnable
td.2.14.header="VM Thread" os_prio=31 cpu=1230.98ms elapsed=13228.05s tid=0x00007fa88200a800 nid=0x4903 runnable
td.2.14.id=0x00007fa88200a800
td.2.14.name=VM Thread
td.2.14.isBlocked=false
td.2.14.isBlocking=false
td.2.14.isDaemon=false
td.2.14.isDeadLocked=false
td.2.14.isIdle=false

#"GC Thread#0" os_prio=31 cpu=473.22ms elapsed=13228.06s tid=0x00007fa89400e800 nid=0x5103 runnable
td.2.15.blockedObjectId=null
td.2.15.blockerId=null
td.2.15.condition=os_prio=31 cpu=473.22ms elapsed=13228.06s tid=0x00007fa89400e800 nid=0x5103 runnable
td.2.15.header="GC Thread#0" os_prio=31 cpu=473.22ms elapsed=13228.06s tid=0x00007fa89400e800 nid=0x5103 runnable
td.2.15.id=0x00007fa89400e800
td.2.15.name=GC Thread#0
td.2.15.isBlocked=false
td.2.15.isBlocking=false
td.2.15.isDaemon=false
td.2.15.isDeadLocked=false
td.2.15.isIdle=false

#"G1 Main Marker" os_prio=31 cpu=0.58ms elapsed=13228.06s tid=0x00007fa894055800 nid=0x2d03 runnable
td.2.16.blockedObjectId=null
td.2.16.blockerId=null
td.2.16.condition=os_prio=31 cpu=0.58ms elapsed=13228.06s tid=0x00007fa894055800 nid=0x2d03 runnable
td.2.16.header="G1 Main Marker" os_prio=31 cpu=0.58ms elapsed=13228.06s tid=0x00007fa894055800 nid=0x2d03 runnable
td.2.16.id=0x00007fa894055800
td.2.16.name=G1 Main Marker
td.2.16.isBlocked=false
td.2.16.isBlocking=false
td.2.16.isDaemon=false
td.2.16.isDeadLocked=false
td.2.16.isIdle=false

#"G1 Conc#0" os_prio=31 cpu=0.02ms elapsed=13228.06s tid=0x00007fa894056000 nid=0x3003 runnable
td.2.17.blockedObjectId=null
td.2.17.blockerId=null
td.2.17.condition=os_prio=31 cpu=0.02ms elapsed=13228.06s tid=0x00007fa894056000 nid=0x3003 runnable
td.2.17.header="G1 Conc#0" os_prio=31 cpu=0.02ms elapsed=13228.06s tid=0x00007fa894056000 nid=0x3003 runnable
td.2.17.id=0x00007fa894056000
td.2.17.name=G1 Conc#0
td.2.17.isBlocked=false
td.2.17.isBlocking=false
td.2.17.isDaemon=false
td.2.17.isDeadLocked=false
td.2.17.isIdle=false

#"G1 Refine#0" os_prio=31 cpu=0.52ms elapsed=13228.06s tid=0x00007fa894177000 nid=0x3103 runnable
td.2.18.blockedObjectId=null
td.2.18.blockerId=null
td.2.18.condition=os_prio=31 cpu=0.52ms elapsed=13228.06s tid=0x00007fa894177000 nid=0x3103 runnable
td.2.18.header="G1 Refine#0" os_prio=31 cpu=0.52ms elapsed=13228.06s tid=0x00007fa894177000 nid=0x3103 runnable
td.2.18.id=0x00007fa894177000
td.2.18.name=G1 Refine#0
td.2.18.isBlocked=false
td.2.18.isBlocking=false
td.2.18.isDaemon=false
td.2.18.isDeadLocked=false
td.2.18.isIdle=false

#"G1 Young RemSet Sampling" os_prio=31 cpu=2335.40ms elapsed=13228.06s tid=0x00007fa894177800 nid=0x3303 runnable
td.2.19.blockedObjectId=null
td.2.19.blockerId=null
td.2.19.condition=os_prio=31 cpu=2335.40ms elapsed=13228.06s tid=0x00007fa894177800 nid=0x3303 runnable
td.2.19.header="G1 Young RemSet Sampling" os_prio=31 cpu=2335.40ms elapsed=13228.06s tid=0x00007fa894177800 nid=0x3303 runnable
td.2.19.id=0x00007fa894177800
td.2.19.name=G1 Young RemSet Sampling
td.2.19.isBlocked=false
td.2.19.isBlocking=false
td.2.19.isDaemon=false
td.2.19.isDeadLocked=false
td.2.19.isIdle=false

#"VM Periodic Task Thread" os_prio=31 cpu=11822.74ms elapsed=13227.90s tid=0x00007fa894839800 nid=0x5e03 waiting on condition
td.2.20.blockedObjectId=null
td.2.20.blockerId=null
td.2.20.condition=os_prio=31 cpu=11822.74ms elapsed=13227.90s tid=0x00007fa894839800 nid=0x5e03 waiting on condition
td.2.20.header="VM Periodic Task Thread" os_prio=31 cpu=11822.74ms elapsed=13227.90s tid=0x00007fa894839800 nid=0x5e03 waiting on condition
td.2.20.id=0x00007fa894839800
td.2.20.name=VM Periodic Task Thread
td.2.20.isBlocked=false
td.2.20.isBlocking=false
td.2.20.isDaemon=false
td.2.20.isDeadLocked=false
td.2.20.isIdle=false

